[2026-07-28 23:33:23] [INFO] Statistiques globales : Étudiants=4, Professeurs=4, Matières=3
[2026-07-28 23:33:23] [INFO] Toutes les absences globales : Total=1, Justifiées=0, Non justifiées=1
[2026-07-28 23:33:50] [INFO] Liste des matières consultée (3 matières)
[2026-07-28 23:33:50] [INFO] Historique des absences consulté (1 absences)
[2026-07-28 23:33:53] [INFO] Liste des matières consultée (3 matières)
[2026-07-28 23:39:07] [INFO] Tentative de connexion: admin@gmail.com
[2026-07-28 23:39:07] [INFO] Connexion réussie: admin@gmail.com (role: admin)
[2026-07-28 23:39:07] [INFO] Statistiques globales : Étudiants=4, Professeurs=4, Matières=3
[2026-07-28 23:39:07] [INFO] Toutes les absences globales : Total=1, Justifiées=0, Non justifiées=1
[2026-07-28 23:39:30] [INFO] Liste des matières consultée (3 matières)
[2026-07-28 23:39:30] [INFO] Historique des absences consulté (1 absences)
[2026-07-28 23:39:33] [INFO] Liste des matières consultée (3 matières)
[2026-07-28 23:39:40] [INFO] Liste des utilisateurs consultée (11 utilisateurs)
[2026-07-28 23:41:08] [INFO] Utilisateur ajouté: ID=13, Nom=Senateur, Rôle=teacher
[2026-07-28 23:41:08] [INFO] Liste des utilisateurs consultée (12 utilisateurs)
[2026-07-29 21:10:56] [INFO] Tentative de connexion: admin@gmail.com
[2026-07-29 21:10:56] [WARN] Connexion échouée (identifiants incorrects): admin@gmail.com
[2026-07-29 21:12:18] [INFO] Tentative de connexion: admin@gmail.com
[2026-07-29 21:12:18] [INFO] Connexion réussie: admin@gmail.com (role: admin)
[2026-07-29 21:12:19] [INFO] Statistiques globales : Étudiants=4, Professeurs=4, Matières=3
[2026-07-29 21:12:19] [INFO] Toutes les absences globales : Total=1, Justifiées=0, Non justifiées=1
[2026-07-29 21:13:35] [INFO] Tentative de connexion: moun@gmail.com
[2026-07-29 21:13:35] [INFO] Connexion réussie: moun@gmail.com (role: student)
[2026-07-29 21:13:44] [INFO] Historique des absences consulté (1 absences)
[2026-07-29 21:13:44] [INFO] Liste des matières consultée (3 matières)
[2026-07-29 21:13:50] [INFO] Liste des matières consultée (3 matières)
[2026-07-29 21:13:51] [INFO] Liste des matières consultée (3 matières)
[2026-07-29 21:13:53] [INFO] Historique des absences consulté (1 absences)
[2026-07-29 21:13:53] [INFO] Liste des matières consultée (3 matières)
[2026-07-29 21:14:14] [INFO] Déconnexion: admin@gmail.com (role: admin)
[2026-07-29 21:14:31] [INFO] Tentative de connexion: kar@gmail.com
[2026-07-29 21:14:31] [WARN] Connexion échouée (identifiants incorrects): kar@gmail.com
[2026-07-29 21:14:40] [INFO] Tentative de connexion: kar@gmail.com
[2026-07-29 21:14:40] [WARN] Connexion échouée (identifiants incorrects): kar@gmail.com
[2026-07-29 21:14:42] [INFO] Tentative de connexion: kar@gmail.com
[2026-07-29 21:14:42] [WARN] Connexion échouée (identifiants incorrects): kar@gmail.com
[2026-07-29 21:14:52] [INFO] Tentative de connexion: kar@gmail.com
[2026-07-29 21:14:52] [WARN] Connexion échouée (identifiants incorrects): kar@gmail.com
[2026-07-29 21:14:53] [INFO] Tentative de connexion: kar@gmail.com
[2026-07-29 21:14:53] [WARN] Connexion échouée (identifiants incorrects): kar@gmail.com
[2026-07-29 21:15:16] [INFO] Tentative de connexion: kar@gmail.com
[2026-07-29 21:15:16] [WARN] Connexion échouée (identifiants incorrects): kar@gmail.com
[2026-07-29 21:15:46] [INFO] Tentative de connexion: kar@gmail.com
[2026-07-29 21:15:46] [WARN] Connexion échouée (identifiants incorrects): kar@gmail.com
[2026-07-29 21:15:47] [INFO] Tentative de connexion: kar@gmail.com
[2026-07-29 21:15:47] [WARN] Connexion échouée (identifiants incorrects): kar@gmail.com
[2026-07-29 21:16:07] [INFO] Tentative de connexion: kar@gmail.com
[2026-07-29 21:16:07] [WARN] Connexion échouée (identifiants incorrects): kar@gmail.com
[2026-07-29 21:18:12] [INFO] Tentative de connexion: momo@gmail.com
[2026-07-29 21:18:12] [INFO] Connexion réussie: momo@gmail.com (role: teacher)
[2026-07-29 21:19:23] [INFO] Liste des matières consultée (3 matières)
[2026-07-29 21:19:28] [INFO] Liste des matières consultée (3 matières)
[2026-07-29 21:19:30] [INFO] Liste des matières consultée (3 matières)
[2026-07-29 21:19:33] [INFO] Historique des absences consulté (1 absences)
[2026-07-29 21:19:33] [INFO] Liste des matières consultée (3 matières)
[2026-07-29 21:19:36] [INFO] Statistiques globales : Étudiants=4, Professeurs=4, Matières=3
[2026-07-29 21:19:36] [INFO] Toutes les absences globales : Total=1, Justifiées=0, Non justifiées=1
[2026-07-29 21:19:36] [INFO] Classement consulté (4 étudiants)
[2026-07-29 21:19:36] [INFO] Liste des matières consultée (3 matières)
[2026-07-29 21:19:36] [INFO] Historique des absences consulté (1 absences)
[2026-07-29 21:27:58] [INFO] Statistiques globales : Étudiants=4, Professeurs=4, Matières=3
[2026-07-29 21:27:58] [INFO] Toutes les absences globales : Total=1, Justifiées=0, Non justifiées=1
[2026-07-29 21:27:58] [INFO] Classement consulté (4 étudiants)
[2026-07-29 21:27:58] [INFO] Liste des matières consultée (3 matières)
[2026-07-29 21:27:58] [INFO] Historique des absences consulté (1 absences)
[2026-07-29 21:28:00] [INFO] Statistiques globales : Étudiants=4, Professeurs=4, Matières=3
[2026-07-29 21:28:00] [INFO] Toutes les absences globales : Total=1, Justifiées=0, Non justifiées=1
[2026-07-29 21:28:00] [INFO] Classement consulté (4 étudiants)
[2026-07-29 21:28:00] [INFO] Liste des matières consultée (3 matières)
[2026-07-29 21:28:00] [INFO] Historique des absences consulté (1 absences)
[2026-07-29 21:28:01] [INFO] Statistiques globales : Étudiants=4, Professeurs=4, Matières=3
[2026-07-29 21:28:01] [INFO] Toutes les absences globales : Total=1, Justifiées=0, Non justifiées=1
[2026-07-29 21:28:01] [INFO] Classement consulté (4 étudiants)
[2026-07-29 21:28:01] [INFO] Liste des matières consultée (3 matières)
[2026-07-29 21:28:01] [INFO] Historique des absences consulté (1 absences)
[2026-07-29 21:28:13] [INFO] Liste des matières consultée (3 matières)
[2026-07-29 21:28:19] [INFO] Liste des matières consultée (3 matières)
[2026-07-29 21:28:20] [INFO] Historique des absences consulté (1 absences)
[2026-07-29 21:28:20] [INFO] Liste des matières consultée (3 matières)
[2026-07-29 21:28:58] [INFO] Tentative de connexion: admin@gmail.com
[2026-07-29 21:28:59] [INFO] Connexion réussie: admin@gmail.com (role: admin)
[2026-07-29 21:28:59] [INFO] Statistiques globales : Étudiants=4, Professeurs=4, Matières=3
[2026-07-29 21:28:59] [INFO] Toutes les absences globales : Total=1, Justifiées=0, Non justifiées=1
[2026-07-29 22:18:58] [INFO] Tentative de connexion: admin@gmail.com
[2026-07-29 22:18:58] [INFO] Connexion réussie: admin@gmail.com (role: admin)
[2026-07-29 22:18:58] [INFO] Statistiques globales : Étudiants=4, Professeurs=4, Matières=3
[2026-07-29 22:18:59] [INFO] Toutes les absences globales : Total=1, Justifiées=0, Non justifiées=1
[2026-07-29 22:19:01] [INFO] Historique des absences consulté (1 absences)
[2026-07-29 22:19:01] [INFO] Liste des matières consultée (3 matières)
[2026-07-29 22:19:04] [INFO] Liste des matières consultée (3 matières)
[2026-07-29 22:19:06] [INFO] Historique des absences consulté (1 absences)
[2026-07-29 22:19:06] [INFO] Liste des matières consultée (3 matières)
[2026-07-29 22:19:08] [INFO] Liste des matières consultée (3 matières)
[2026-07-29 22:19:10] [INFO] Liste des utilisateurs consultée (12 utilisateurs)
[2026-07-29 22:19:31] [INFO] Déconnexion: admin@gmail.com (role: admin)
[2026-07-29 22:20:46] [INFO] Tentative de connexion: momo@gmail.com
[2026-07-29 22:20:47] [INFO] Connexion réussie: momo@gmail.com (role: teacher)
[2026-07-29 22:20:59] [INFO] Liste des matières consultée (3 matières)
[2026-07-29 22:22:44] [INFO] Liste des matières consultée (3 matières)
[2026-07-29 22:22:47] [INFO] Liste des matières consultée (3 matières)
[2026-07-29 22:23:11] [INFO] Liste des matières consultée (3 matières)
[2026-07-29 22:37:46] [INFO] Tentative de connexion: admin@gmail.com
[2026-07-29 22:37:46] [INFO] Connexion réussie: admin@gmail.com (role: admin)
[2026-07-29 22:37:46] [INFO] Toutes les absences globales : Total=1, Justifiées=0, Non justifiées=1
[2026-07-29 22:37:46] [INFO] Statistiques globales : Étudiants=4, Professeurs=4, Matières=3
[2026-07-29 22:37:49] [INFO] Historique des absences consulté (1 absences)
[2026-07-29 22:37:49] [INFO] Liste des matières consultée (3 matières)
[2026-07-29 22:37:51] [INFO] Liste des matières consultée (3 matières)
[2026-07-29 22:37:53] [INFO] Historique des absences consulté (1 absences)
[2026-07-29 22:37:53] [INFO] Liste des matières consultée (3 matières)
[2026-07-29 22:37:56] [INFO] Liste des utilisateurs consultée (12 utilisateurs)
[2026-07-29 22:38:08] [INFO] Déconnexion: admin@gmail.com (role: admin)
[2026-07-29 22:38:23] [INFO] Tentative de connexion: momo@gmail.com
[2026-07-29 22:38:24] [INFO] Connexion réussie: momo@gmail.com (role: teacher)
[2026-07-29 22:38:28] [INFO] Liste des matières consultée (3 matières)
[2026-07-29 22:38:31] [INFO] Liste des matières consultée (3 matières)
[2026-07-29 22:38:32] [INFO] Liste des matières consultée (3 matières)
[2026-07-29 22:38:35] [INFO] Liste des matières consultée (3 matières)
[2026-07-29 22:38:41] [INFO] Historique des absences consulté (1 absences)
[2026-07-29 22:38:41] [INFO] Liste des matières consultée (3 matières)
[2026-07-31 00:15:17] [INFO] Tentative de connexion: admin@gmail.com
[2026-07-31 00:15:17] [INFO] Connexion réussie: admin@gmail.com (role: admin)
[2026-07-31 00:15:17] [INFO] Statistiques globales : Étudiants=4, Professeurs=4, Matières=3
[2026-07-31 00:15:18] [INFO] Toutes les absences globales : Total=1, Justifiées=0, Non justifiées=1
[2026-07-31 00:15:25] [INFO] Liste des utilisateurs consultée (12 utilisateurs)
[2026-07-31 00:15:28] [INFO] Historique des absences consulté (1 absences)
[2026-07-31 00:15:28] [INFO] Liste des matières consultée (3 matières)
[2026-07-31 00:15:31] [INFO] Liste des matières consultée (3 matières)
[2026-07-31 00:15:33] [INFO] Liste des matières consultée (3 matières)
[2026-07-31 00:15:33] [INFO] Historique des absences consulté (1 absences)
[2026-07-31 00:15:37] [INFO] Liste des matières consultée (3 matières)
[2026-07-31 00:15:59] [INFO] Liste des utilisateurs consultée (12 utilisateurs)
[2026-07-31 00:16:03] [INFO] Statistiques globales : Étudiants=4, Professeurs=4, Matières=3
[2026-07-31 00:16:03] [INFO] Toutes les absences globales : Total=1, Justifiées=0, Non justifiées=1
[2026-07-31 00:16:03] [INFO] Liste des matières consultée (3 matières)
[2026-07-31 00:16:03] [INFO] Classement consulté (4 étudiants)
[2026-07-31 00:16:03] [INFO] Historique des absences consulté (1 absences)
[2026-07-31 00:16:04] [INFO] Historique des absences consulté (1 absences)
[2026-07-31 00:16:04] [INFO] Liste des matières consultée (3 matières)
[2026-07-31 00:16:07] [INFO] Historique des absences consulté (1 absences)
[2026-07-31 00:16:07] [INFO] Liste des matières consultée (3 matières)
[2026-07-31 00:16:08] [INFO] Historique des absences consulté (1 absences)
[2026-07-31 00:16:08] [INFO] Liste des matières consultée (3 matières)
[2026-07-31 00:16:14] [INFO] Historique des absences consulté (1 absences)
[2026-07-31 00:16:14] [INFO] Liste des matières consultée (3 matières)
[2026-07-31 00:16:15] [INFO] Liste des matières consultée (3 matières)
[2026-07-31 00:16:17] [INFO] Statistiques globales : Étudiants=4, Professeurs=4, Matières=3
[2026-07-31 00:16:17] [INFO] Toutes les absences globales : Total=1, Justifiées=0, Non justifiées=1
[2026-07-31 00:16:17] [INFO] Classement consulté (4 étudiants)
[2026-07-31 00:16:17] [INFO] Liste des matières consultée (3 matières)
[2026-07-31 00:16:17] [INFO] Historique des absences consulté (1 absences)
[2026-07-31 11:20:45] [INFO] Tentative de connexion: kar@gmail.com
[2026-07-31 11:20:45] [WARN] Connexion échouée (identifiants incorrects): kar@gmail.com
[2026-07-31 11:20:56] [INFO] Tentative de connexion: kar@gmail.com
[2026-07-31 11:20:56] [WARN] Connexion échouée (identifiants incorrects): kar@gmail.com
[2026-07-31 11:21:21] [INFO] Tentative de connexion: admin@gmail.com
[2026-07-31 11:21:21] [INFO] Connexion réussie: admin@gmail.com (role: admin)
[2026-07-31 11:21:21] [INFO] Statistiques globales : Étudiants=4, Professeurs=4, Matières=3
[2026-07-31 11:21:21] [INFO] Toutes les absences globales : Total=1, Justifiées=0, Non justifiées=1
[2026-07-31 11:21:26] [INFO] Liste des utilisateurs consultée (12 utilisateurs)
[2026-07-31 11:23:45] [INFO] Utilisateur ajouté: ID=14, Nom=Diarrassouba Karamoko, Rôle=student
[2026-07-31 11:23:45] [INFO] Liste des utilisateurs consultée (13 utilisateurs)
[2026-07-31 11:23:55] [INFO] Déconnexion: admin@gmail.com (role: admin)
[2026-07-31 11:25:01] [INFO] Tentative de connexion: drk@gmail.com
[2026-07-31 11:25:01] [WARN] Connexion échouée (identifiants incorrects): drk@gmail.com
[2026-07-31 11:25:03] [INFO] Tentative de connexion: drk@gmail.com
[2026-07-31 11:25:04] [INFO] Connexion réussie: drk@gmail.com (role: student)
[2026-07-31 11:25:13] [INFO] Liste des matières consultée (3 matières)
[2026-07-31 16:51:22] [INFO] Tentative de connexion: admin@gmail.com
[2026-07-31 16:51:22] [WARN] Connexion échouée (identifiants incorrects): admin@gmail.com
[2026-07-31 16:51:30] [INFO] Tentative de connexion: admin@gmail.com
[2026-07-31 16:51:30] [INFO] Connexion réussie: admin@gmail.com (role: admin)
[2026-07-31 16:51:30] [INFO] Statistiques globales : Étudiants=4, Professeurs=4, Matières=3
[2026-07-31 16:51:30] [INFO] Toutes les absences globales : Total=1, Justifiées=0, Non justifiées=1
[2026-07-31 16:51:34] [INFO] Historique des absences consulté (1 absences)
[2026-07-31 16:51:34] [INFO] Liste des matières consultée (3 matières)
[2026-07-31 16:51:37] [INFO] Liste des matières consultée (3 matières)
[2026-07-31 16:51:38] [INFO] Liste des matières consultée (3 matières)
[2026-07-31 16:51:40] [INFO] Liste des matières consultée (3 matières)
[2026-07-31 16:51:40] [INFO] Historique des absences consulté (1 absences)
[2026-07-31 16:51:41] [INFO] Liste des matières consultée (3 matières)
[2026-07-31 22:01:20] [INFO] Liste des matières consultée (3 matières)
[2026-07-31 22:01:21] [INFO] Liste des matières consultée (3 matières)
[2026-07-31 22:01:22] [INFO] Liste des matières consultée (3 matières)
[2026-07-31 22:01:22] [INFO] Liste des matières consultée (3 matières)
[2026-07-31 22:04:52] [INFO] Historique des absences consulté (1 absences)
[2026-07-31 22:04:52] [INFO] Liste des matières consultée (3 matières)
[2026-07-31 22:04:56] [INFO] Historique des absences consulté (1 absences)
[2026-07-31 22:04:56] [INFO] Liste des matières consultée (3 matières)
[2026-07-31 22:04:58] [INFO] Liste des utilisateurs consultée (13 utilisateurs)
[2026-07-31 22:05:03] [INFO] Utilisateur supprimé: ID=14
[2026-07-31 22:05:07] [INFO] Utilisateur supprimé: ID=13
[2026-07-31 22:05:10] [INFO] Utilisateur supprimé: ID=12
[2026-07-31 22:05:13] [INFO] Utilisateur supprimé: ID=11
[2026-07-31 22:05:16] [INFO] Utilisateur supprimé: ID=10
[2026-07-31 22:05:20] [INFO] Utilisateur supprimé: ID=9
[2026-07-31 22:05:24] [INFO] Utilisateur supprimé: ID=8
[2026-07-31 22:05:27] [INFO] Utilisateur supprimé: ID=2
[2026-07-31 22:05:37] [INFO] Utilisateur supprimé: ID=5
[2026-07-31 22:17:49] [INFO] Utilisateur supprimé: ID=4
[2026-07-31 22:17:57] [INFO] Déconnexion: admin@gmail.com (role: admin)
[2026-07-31 22:18:10] [INFO] Tentative de connexion: momo@gmail.com
[2026-07-31 22:18:10] [INFO] Connexion réussie: momo@gmail.com (role: teacher)
[2026-07-31 22:18:12] [INFO] Liste des matières consultée (3 matières)
[2026-07-31 22:18:16] [INFO] Liste des matières consultée (3 matières)
[2026-07-31 22:18:18] [INFO] Liste des matières consultée (3 matières)
[2026-07-31 22:18:23] [INFO] Historique des absences consulté (1 absences)
[2026-07-31 22:18:23] [INFO] Liste des matières consultée (3 matières)
[2026-08-01 00:07:38] [INFO] Tentative de connexion: admin@gmail.com
[2026-08-01 00:07:39] [INFO] Connexion réussie: admin@gmail.com (role: admin)
[2026-08-01 00:07:39] [INFO] Statistiques globales : Étudiants=4, Professeurs=4, Matières=3
[2026-08-01 00:07:39] [INFO] Toutes les absences globales : Total=1, Justifiées=0, Non justifiées=1
[2026-08-01 00:07:41] [INFO] Historique des absences consulté (1 absences)
[2026-08-01 00:07:41] [INFO] Liste des matières consultée (3 matières)
[2026-08-01 00:07:43] [INFO] Historique des absences consulté (1 absences)
[2026-08-01 00:07:43] [INFO] Liste des matières consultée (3 matières)
[2026-08-01 00:07:45] [INFO] Liste des utilisateurs consultée (3 utilisateurs)
[2026-08-01 00:07:55] [INFO] Déconnexion: admin@gmail.com (role: admin)
[2026-08-01 00:08:10] [INFO] Tentative de connexion: momo@gmail.com
[2026-08-01 00:08:10] [INFO] Connexion réussie: momo@gmail.com (role: teacher)
[2026-08-01 00:08:14] [INFO] Liste des matières consultée (3 matières)
[2026-08-01 00:08:17] [INFO] Liste des matières consultée (3 matières)
[2026-08-01 00:08:20] [INFO] Liste des matières consultée (3 matières)
[2026-08-01 00:08:22] [INFO] Liste des matières consultée (3 matières)
[2026-08-01 00:08:23] [INFO] Historique des absences consulté (1 absences)
[2026-08-01 00:08:23] [INFO] Liste des matières consultée (3 matières)
[2026-08-01 00:08:26] [INFO] Statistiques globales : Étudiants=4, Professeurs=4, Matières=3
[2026-08-01 00:08:26] [INFO] Toutes les absences globales : Total=1, Justifiées=0, Non justifiées=1
[2026-08-01 00:08:26] [INFO] Classement consulté (4 étudiants)
[2026-08-01 00:08:26] [INFO] Liste des matières consultée (3 matières)
[2026-08-01 00:08:26] [INFO] Historique des absences consulté (1 absences)
[2026-08-01 00:08:40] [INFO] Liste des matières consultée (3 matières)
[2026-08-01 00:08:42] [INFO] Liste des matières consultée (3 matières)
[2026-08-01 00:08:44] [INFO] Historique des absences consulté (1 absences)
[2026-08-01 00:08:44] [INFO] Liste des matières consultée (3 matières)
[2026-08-01 00:08:50] [INFO] Déconnexion: momo@gmail.com (role: teacher)
[2026-08-01 00:09:04] [INFO] Tentative de connexion: admin@gmail.com
[2026-08-01 00:09:05] [INFO] Connexion réussie: admin@gmail.com (role: admin)
[2026-08-01 00:09:05] [INFO] Statistiques globales : Étudiants=4, Professeurs=4, Matières=3
[2026-08-01 00:09:05] [INFO] Toutes les absences globales : Total=1, Justifiées=0, Non justifiées=1
[2026-08-01 00:09:07] [INFO] Liste des utilisateurs consultée (3 utilisateurs)
[2026-08-01 00:10:44] [INFO] Utilisateur ajouté: ID=15, Nom=Diarra Karasco, Rôle=student
[2026-08-01 00:10:44] [INFO] Liste des utilisateurs consultée (4 utilisateurs)
[2026-08-01 00:10:53] [INFO] Déconnexion: admin@gmail.com (role: admin)
[2026-08-01 00:11:13] [INFO] Tentative de connexion: karasco@gmail.com
[2026-08-01 00:11:13] [INFO] Connexion réussie: karasco@gmail.com (role: student)
[2026-08-01 00:12:52] [INFO] Déconnexion: karasco@gmail.com (role: student)
[2026-08-01 00:13:10] [INFO] Tentative de connexion: admin@gmail.com
[2026-08-01 00:13:10] [INFO] Connexion réussie: admin@gmail.com (role: admin)
[2026-08-01 00:13:10] [INFO] Statistiques globales : Étudiants=4, Professeurs=4, Matières=3
[2026-08-01 00:13:10] [INFO] Toutes les absences globales : Total=1, Justifiées=0, Non justifiées=1
[2026-08-01 00:13:14] [INFO] Historique des absences consulté (1 absences)
[2026-08-01 00:13:14] [INFO] Liste des matières consultée (3 matières)
[2026-08-01 00:13:18] [INFO] Liste des matières consultée (3 matières)
[2026-08-01 00:13:21] [INFO] Liste des matières consultée (3 matières)
[2026-08-01 00:13:21] [INFO] Historique des absences consulté (1 absences)
[2026-08-01 00:13:24] [INFO] Liste des matières consultée (3 matières)
[2026-08-01 00:13:26] [INFO] Historique des absences consulté (1 absences)
[2026-08-01 00:13:26] [INFO] Liste des matières consultée (3 matières)
[2026-08-01 00:13:31] [INFO] Liste des matières consultée (3 matières)
[2026-08-01 00:13:45] [INFO] Liste des matières consultée (3 matières)
[2026-08-01 00:13:45] [INFO] Historique des absences consulté (1 absences)
[2026-08-01 00:13:54] [INFO] Liste des matières consultée (3 matières)
[2026-08-01 00:14:03] [INFO] Liste des matières consultée (3 matières)
[2026-08-01 00:14:07] [INFO] Historique des absences consulté (1 absences)
[2026-08-01 00:14:07] [INFO] Liste des matières consultée (3 matières)
[2026-08-04 23:50:34] [INFO] Tentative de connexion: undefined
[2026-08-04 23:50:34] [WARN] Connexion échouée (champs manquants): undefined
[2026-08-05 00:04:20] [INFO] Tentative de connexion: admin@gmail.com
[2026-08-05 00:04:20] [WARN] Connexion échouée (identifiants incorrects): admin@gmail.com
[2026-08-05 00:05:07] [INFO] Tentative de connexion: admin@gmail.com
[2026-08-05 00:05:07] [WARN] Connexion échouée (identifiants incorrects): admin@gmail.com
[2026-08-05 00:05:23] [INFO] Tentative de connexion: admin@gmail.com
[2026-08-05 00:05:23] [WARN] Connexion échouée (identifiants incorrects): admin@gmail.com
[2026-08-05 00:05:25] [INFO] Tentative de connexion: admin@gmail.com
[2026-08-05 00:05:25] [WARN] Connexion échouée (identifiants incorrects): admin@gmail.com
[2026-08-05 00:05:26] [INFO] Tentative de connexion: admin@gmail.com
[2026-08-05 00:05:26] [WARN] Connexion échouée (identifiants incorrects): admin@gmail.com
[2026-08-05 00:06:35] [INFO] Tentative de connexion: admin@gmail.com
[2026-08-05 00:06:35] [WARN] Connexion échouée (identifiants incorrects): admin@gmail.com
[2026-08-05 00:06:36] [INFO] Tentative de connexion: admin@gmail.com
[2026-08-05 00:06:36] [WARN] Connexion échouée (identifiants incorrects): admin@gmail.com
[2026-08-05 00:06:36] [INFO] Tentative de connexion: admin@gmail.com
[2026-08-05 00:06:36] [WARN] Connexion échouée (identifiants incorrects): admin@gmail.com
[2026-08-05 00:13:35] [INFO] Tentative de connexion: admin@gmail.com
[2026-08-05 00:13:35] [WARN] Connexion échouée (identifiants incorrects): admin@gmail.com
[2026-08-05 00:13:37] [INFO] Tentative de connexion: admin@gmail.com
[2026-08-05 00:13:37] [WARN] Connexion échouée (identifiants incorrects): admin@gmail.com
[2026-08-05 00:13:43] [INFO] Tentative de connexion: admin@gmail.com
[2026-08-05 00:13:43] [WARN] Connexion échouée (identifiants incorrects): admin@gmail.com
[2026-08-05 00:13:44] [INFO] Tentative de connexion: admin@gmail.com
[2026-08-05 00:13:44] [WARN] Connexion échouée (identifiants incorrects): admin@gmail.com
[2026-08-05 00:13:44] [INFO] Tentative de connexion: admin@gmail.com
[2026-08-05 00:13:44] [WARN] Connexion échouée (identifiants incorrects): admin@gmail.com
[2026-08-05 00:13:45] [INFO] Tentative de connexion: admin@gmail.com
[2026-08-05 00:13:45] [WARN] Connexion échouée (identifiants incorrects): admin@gmail.com
[2026-08-05 00:13:45] [INFO] Tentative de connexion: admin@gmail.com
[2026-08-05 00:13:45] [WARN] Connexion échouée (identifiants incorrects): admin@gmail.com
[2026-08-05 00:13:45] [INFO] Tentative de connexion: admin@gmail.com
[2026-08-05 00:13:45] [WARN] Connexion échouée (identifiants incorrects): admin@gmail.com
[2026-08-05 00:13:45] [INFO] Tentative de connexion: admin@gmail.com
[2026-08-05 00:13:45] [WARN] Connexion échouée (identifiants incorrects): admin@gmail.com
[2026-08-05 00:14:11] [INFO] Tentative de connexion: admin@gmail.com
[2026-08-05 00:14:11] [WARN] Connexion échouée (identifiants incorrects): admin@gmail.com
[2026-08-05 00:14:12] [INFO] Tentative de connexion: admin@gmail.com
[2026-08-05 00:14:12] [WARN] Connexion échouée (identifiants incorrects): admin@gmail.com
[2026-08-05 00:14:13] [INFO] Tentative de connexion: admin@gmail.com
[2026-08-05 00:14:13] [WARN] Connexion échouée (identifiants incorrects): admin@gmail.com
[2026-08-05 00:14:13] [INFO] Tentative de connexion: admin@gmail.com
[2026-08-05 00:14:13] [WARN] Connexion échouée (identifiants incorrects): admin@gmail.com
[2026-08-05 00:14:13] [INFO] Tentative de connexion: admin@gmail.com
[2026-08-05 00:14:13] [WARN] Connexion échouée (identifiants incorrects): admin@gmail.com
[2026-08-05 00:14:14] [INFO] Tentative de connexion: admin@gmail.com
[2026-08-05 00:14:14] [WARN] Connexion échouée (identifiants incorrects): admin@gmail.com
[2026-08-05 00:15:26] [INFO] Tentative de connexion: admin@gmail.com
[2026-08-05 00:15:26] [INFO] Connexion réussie: admin@gmail.com (role: admin)
[2026-08-05 00:26:18] [ERROR] [Classes Controller] Erreur création: Les champs nom, niveau et capacité sont obligatoires.
[2026-08-05 00:26:21] [ERROR] [Classes Controller] Erreur création: Les champs nom, niveau et capacité sont obligatoires.
[2026-08-05 00:26:58] [ERROR] [Student Controller] Erreur création: Classe avec l'ID 1 introuvable.
[2026-08-05 00:27:48] [ERROR] [Classes Controller] Erreur création: Les champs nom, niveau et capacité sont obligatoires.
